this is readtape version 3.16, compiled on Dec 10 2025 13:33:00, running on Fri Dec 19 11:23:06 2025
  command line: readtape -NRZI -deskew -m -tap analog 
  this is a little-endian computer
  For more information, see https://github.com/LenShustek/readtape

reading file "analog.csv"
the output files will be "analog.xxx"

no .parms file was found, so we're using these internal defaults for the NRZI parameter sets:
  parms      active, clk_window,  clk_alpha, agc_window,  agc_alpha,   min_peak,  pulse_adj,pkww_bitfrac,  pkww_rise,     midbit,  id
  {            1,          0,      0.200,          0,      0.300,      1.000,      0.300,      0.700,      0.200,      0.500,   PRM}
  {            1,          0,      0.300,          0,      0.300,      1.000,      0.400,      0.600,      0.200,      0.500,   PRM}
  {            1,          2,      0.000,          0,      0.300,      1.000,      0.400,      0.700,      0.200,      0.500,   PRM}
  {            1,          0,      0.600,          0,      0.300,      1.000,      0.400,      0.600,      0.200,      0.500,   PRM}
  {            1,          2,      0.000,          1,      0.000,      0.500,      0.500,      0.900,      0.050,      0.500,   PRM}
  {            1,          0,      0.200,          1,      0.000,      1.000,      0.500,      0.700,      0.050,      0.500,   PRM}
  {            1,          2,      0.000,          1,      0.000,      0.500,      0.500,      0.700,      0.050,      0.500,   PRM}
  {            1,          0,      0.600,          1,      0.000,      0.500,      0.500,      0.600,      0.050,      0.500,   PRM}

compile-time decoding constants:
  peak height closeness threshold: 0.005V
  nominal peak height for rise calculation: 2.0V
  AGC maximum: 2
  derived ntrks=9 from .CSV file header

execution-time configuration:
  9 track NRZI encoding, odd parity, 0 BPI at 50 IPS
  first sample is at time 5.81122520 seconds on the tape
  sampling rate is 781,250 Hz (1.28 usec)
  peak detection window width is 8 samples (10.24 usec)
  input data order: 0(msb)1234567(lsb)p

  density was set to 800 BPI (25.00 usec/bit) after reading the first 1 blocks and seeing 9,999 transitions in 42 bins that imply 860 BPI

starting preprocessing to determine head skew...
head skew compensation after reading the first 75 blocks:
  track 0 delayed by 0 clocks (0.00 usec) based on 1065 observed flux transitions
  track 1 delayed by 1 clocks (1.28 usec) based on 1394 observed flux transitions
  track 2 delayed by 0 clocks (0.00 usec) based on 1191 observed flux transitions
  track 3 delayed by 1 clocks (1.28 usec) based on 1324 observed flux transitions
  track 4 delayed by 3 clocks (3.84 usec) based on 1081 observed flux transitions
  track 5 delayed by 1 clocks (1.28 usec) based on 1616 observed flux transitions
  track 6 delayed by 1 clocks (1.28 usec) based on 1533 observed flux transitions
  track 7 delayed by 0 clocks (0.00 usec) based on 1813 observed flux transitions
  track 8 delayed by 1 clocks (1.28 usec) based on 36291 observed flux transitions
  the earliest peak is 21.30 usec, and the latest peak is 24.80 usec
  that peak difference of 3.50 usec, and the largest standard deviation of 1.25 usec, are 14.0% and 5.0% of the nominal bit spacing
  created statistics file "analog.peakstats_deskew.csv" from 47,308 measurements of flux transition positions
  to graph it from Excel, open the CSV file, then: insert chart 2D line

creating file "analog.tap"
wrote block   1,  512 bytes, 5 tries, parmset 4, AGC 0.92-1.12, ok, avg speed 52.29 IPS at time 5.89628504, tap offset 8
(subsequent good blocks will not be shown because -v wasn't specified)
wrote block 4281,  511 bytes, 8 tries, parmset 2, AGC 0.94-1.07, 2 errs, 1 CRC, 1 LRC, avg speed 52.37 IPS at time 110.68393176, tap offset 2225609
wrote block 4367,  512 bytes, 8 tries, parmset 0, AGC 0.93-1.06, 4 errs, 2 parity, 1 CRC, 1 LRC, avg speed 52.35 IPS at time 112.78762200, tap offset 2270328
  tapemark at time 127.05608280, tap offset 2572440, 4947 blocks written so far
  tapemark at time 127.09341272, tap offset 2572444, 4947 blocks written so far
analog.tap was closed at time 127.19086808 after 2,532,863 data bytes were extracted from 4947 blocks

summary for file "analog.csv":
  94,828,038 samples were processed in 210 seconds (0.042 seconds/block)
  created 1 output file with a total of 2,572,452 bytes
  decoded 2 tape marks and 4947 blocks with 2,532,863 bytes from 121.29 seconds of tape data
  the last block written was 126.97045208 seconds into the tape
  2 blocks had errors, 0 had warnings, 0 had mismatched tracks, 0 had bits corrected, 0 had midbit timing errors
  366 good blocks had to try more than one parmset
  parmset 0 was tried 4950 times and used 4582 times, or  92.6%
  parmset 1 was tried  368 times and used    0 times, or   0.0%
  parmset 2 was tried  368 times and used    2 times, or   0.5%
  parmset 3 was tried  367 times and used    0 times, or   0.0%
  parmset 4 was tried  367 times and used  292 times, or  79.6%
  parmset 5 was tried   75 times and used   72 times, or  96.0%
  parmset 6 was tried    3 times and used    0 times, or   0.0%
  parmset 7 was tried    3 times and used    1 times, or  33.3%

  created statistics file "analog.peakstats.csv" from 9,868,544 measurements of flux transition positions
  to graph it from Excel, open the CSV file, then: insert chart 2D line
  the earliest peak is 21.75 usec, and the latest peak is 26.67 usec
  that peak difference of 4.92 usec, and the largest standard deviation of 1.80 usec, are 19.7% and 7.2% of the nominal bit spacing
  deskewing with delays up to 14.0% of a bit time wasn't entirely effective
  the tape might have been written by two different drives
  if so you should consider separating the data into those sections
